Archive member included to satisfy reference by file (symbol)

/usr/lib/gcc/arm-none-eabi/10.3.1/../../../arm-none-eabi/lib/thumb/v7e-m+fp/hard/libc_nano.a(lib_a-memcpy.o)
                              /tmp/cciQ7gYb.o (memcpy)
/usr/lib/gcc/arm-none-eabi/10.3.1/../../../arm-none-eabi/lib/thumb/v7e-m+fp/hard/libc_nano.a(lib_a-memset.o)
                              /tmp/cciQ7gYb.o (memset)

Discarded input sections

 .group         0x0000000000000000        0xc /tmp/cciQ7gYb.o
 .text          0x0000000000000000        0x0 /tmp/cciQ7gYb.o
 .data          0x0000000000000000        0x0 /tmp/cciQ7gYb.o
 .bss           0x0000000000000000        0x0 /tmp/cciQ7gYb.o
 .text.startup.main
                0x0000000000000000        0x4 /tmp/cciQ7gYb.o
 .data          0x0000000000000000        0x0 /usr/lib/gcc/arm-none-eabi/10.3.1/../../../arm-none-eabi/lib/thumb/v7e-m+fp/hard/libc_nano.a(lib_a-memcpy.o)
 .bss           0x0000000000000000        0x0 /usr/lib/gcc/arm-none-eabi/10.3.1/../../../arm-none-eabi/lib/thumb/v7e-m+fp/hard/libc_nano.a(lib_a-memcpy.o)
 .data          0x0000000000000000        0x0 /usr/lib/gcc/arm-none-eabi/10.3.1/../../../arm-none-eabi/lib/thumb/v7e-m+fp/hard/libc_nano.a(lib_a-memset.o)
 .bss           0x0000000000000000        0x0 /usr/lib/gcc/arm-none-eabi/10.3.1/../../../arm-none-eabi/lib/thumb/v7e-m+fp/hard/libc_nano.a(lib_a-memset.o)

Memory Configuration

Name             Origin             Length             Attributes
flash            0x0000000008000000 0x0000000000200000 xr
sram             0x0000000020000000 0x0000000000030000 xrw
*default*        0x0000000000000000 0xffffffffffffffff

Linker script and memory map

LOAD /tmp/cciQ7gYb.o
LOAD /usr/lib/gcc/arm-none-eabi/10.3.1/../../../arm-none-eabi/lib/thumb/v7e-m+fp/hard/libc_nano.a
LOAD /usr/lib/gcc/arm-none-eabi/10.3.1/thumb/v7e-m+fp/hard/libgcc.a
                0x0000000020030000                _estack = (ORIGIN (sram) + LENGTH (sram))

.vectors
 *(.vectors)

.text           0x0000000008000000      0x224
 *(.text*)
 .text._reset   0x0000000008000000       0x4c /tmp/cciQ7gYb.o
                0x0000000008000000                _reset
 .text          0x000000000800004c      0x134 /usr/lib/gcc/arm-none-eabi/10.3.1/../../../arm-none-eabi/lib/thumb/v7e-m+fp/hard/libc_nano.a(lib_a-memcpy.o)
                0x000000000800004c                memcpy
 .text          0x0000000008000180       0xa4 /usr/lib/gcc/arm-none-eabi/10.3.1/../../../arm-none-eabi/lib/thumb/v7e-m+fp/hard/libc_nano.a(lib_a-memset.o)
                0x0000000008000180                memset

.glue_7         0x0000000008000224        0x0
 .glue_7        0x0000000008000224        0x0 linker stubs

.glue_7t        0x0000000008000224        0x0
 .glue_7t       0x0000000008000224        0x0 linker stubs

.vfp11_veneer   0x0000000008000224        0x0
 .vfp11_veneer  0x0000000008000224        0x0 linker stubs

.v4_bx          0x0000000008000224        0x0
 .v4_bx         0x0000000008000224        0x0 linker stubs

.iplt           0x0000000008000224        0x0
 .iplt          0x0000000008000224        0x0 /tmp/cciQ7gYb.o

.rel.dyn        0x0000000008000224        0x0
 .rel.iplt      0x0000000008000224        0x0 /tmp/cciQ7gYb.o

.rodata
 *(.rodata*)

.data           0x0000000020000000        0x0 load address 0x0000000008000224
                0x0000000020000000                _sdata = .
 *(.first_data)
 *(.data SORT_BY_NAME(.data.*))
                0x0000000020000000                _edata = .
                0x0000000008000224                _sidata = LOADADDR (.data)

.igot.plt       0x0000000020000000        0x0 load address 0x0000000008000224
 .igot.plt      0x0000000020000000        0x0 /tmp/cciQ7gYb.o

.bss            0x0000000020000000        0x0 load address 0x0000000008000224
                0x0000000020000000                _sbss = .
 *(.bss SORT_BY_NAME(.bss.*) COMMON)
                0x0000000020000000                _ebss = .
                0x0000000020000000                . = ALIGN (0x8)
                0x0000000020000000                _end = .
OUTPUT(firmware.elf elf32-littlearm)
LOAD linker stubs

.debug_info     0x0000000000000000      0x274
 .debug_info    0x0000000000000000      0x117 /tmp/cciQ7gYb.o
 .debug_info    0x0000000000000117       0x26 /usr/lib/gcc/arm-none-eabi/10.3.1/../../../arm-none-eabi/lib/thumb/v7e-m+fp/hard/libc_nano.a(lib_a-memcpy.o)
 .debug_info    0x000000000000013d      0x137 /usr/lib/gcc/arm-none-eabi/10.3.1/../../../arm-none-eabi/lib/thumb/v7e-m+fp/hard/libc_nano.a(lib_a-memset.o)

.debug_abbrev   0x0000000000000000      0x1ab
 .debug_abbrev  0x0000000000000000       0xe3 /tmp/cciQ7gYb.o
 .debug_abbrev  0x00000000000000e3       0x14 /usr/lib/gcc/arm-none-eabi/10.3.1/../../../arm-none-eabi/lib/thumb/v7e-m+fp/hard/libc_nano.a(lib_a-memcpy.o)
 .debug_abbrev  0x00000000000000f7       0xb4 /usr/lib/gcc/arm-none-eabi/10.3.1/../../../arm-none-eabi/lib/thumb/v7e-m+fp/hard/libc_nano.a(lib_a-memset.o)

.debug_aranges  0x0000000000000000       0x68
 .debug_aranges
                0x0000000000000000       0x28 /tmp/cciQ7gYb.o
 .debug_aranges
                0x0000000000000028       0x20 /usr/lib/gcc/arm-none-eabi/10.3.1/../../../arm-none-eabi/lib/thumb/v7e-m+fp/hard/libc_nano.a(lib_a-memcpy.o)
 .debug_aranges
                0x0000000000000048       0x20 /usr/lib/gcc/arm-none-eabi/10.3.1/../../../arm-none-eabi/lib/thumb/v7e-m+fp/hard/libc_nano.a(lib_a-memset.o)

.debug_ranges   0x0000000000000000       0x18
 .debug_ranges  0x0000000000000000       0x18 /tmp/cciQ7gYb.o

.debug_macro    0x0000000000000000      0xa7d
 .debug_macro   0x0000000000000000       0x11 /tmp/cciQ7gYb.o
 .debug_macro   0x0000000000000011      0xa6c /tmp/cciQ7gYb.o

.debug_line     0x0000000000000000      0x2fc
 .debug_line    0x0000000000000000       0x7f /tmp/cciQ7gYb.o
 .debug_line    0x000000000000007f       0xbe /usr/lib/gcc/arm-none-eabi/10.3.1/../../../arm-none-eabi/lib/thumb/v7e-m+fp/hard/libc_nano.a(lib_a-memcpy.o)
 .debug_line    0x000000000000013d      0x1bf /usr/lib/gcc/arm-none-eabi/10.3.1/../../../arm-none-eabi/lib/thumb/v7e-m+fp/hard/libc_nano.a(lib_a-memset.o)

.debug_str      0x0000000000000000     0x2ec3
 .debug_str     0x0000000000000000     0x2cdd /tmp/cciQ7gYb.o
                                       0x2cf4 (size before relaxing)
 .debug_str     0x0000000000002cdd       0xb6 /usr/lib/gcc/arm-none-eabi/10.3.1/../../../arm-none-eabi/lib/thumb/v7e-m+fp/hard/libc_nano.a(lib_a-memcpy.o)
 .debug_str     0x0000000000002d93      0x130 /usr/lib/gcc/arm-none-eabi/10.3.1/../../../arm-none-eabi/lib/thumb/v7e-m+fp/hard/libc_nano.a(lib_a-memset.o)
                                        0x1c0 (size before relaxing)

.comment        0x0000000000000000       0x33
 .comment       0x0000000000000000       0x33 /tmp/cciQ7gYb.o
                                         0x34 (size before relaxing)
 .comment       0x0000000000000033       0x34 /usr/lib/gcc/arm-none-eabi/10.3.1/../../../arm-none-eabi/lib/thumb/v7e-m+fp/hard/libc_nano.a(lib_a-memset.o)

.ARM.attributes
                0x0000000000000000       0x32
 .ARM.attributes
                0x0000000000000000       0x34 /tmp/cciQ7gYb.o
 .ARM.attributes
                0x0000000000000034       0x1c /usr/lib/gcc/arm-none-eabi/10.3.1/../../../arm-none-eabi/lib/thumb/v7e-m+fp/hard/libc_nano.a(lib_a-memcpy.o)
 .ARM.attributes
                0x0000000000000050       0x34 /usr/lib/gcc/arm-none-eabi/10.3.1/../../../arm-none-eabi/lib/thumb/v7e-m+fp/hard/libc_nano.a(lib_a-memset.o)

.debug_frame    0x0000000000000000       0x5c
 .debug_frame   0x0000000000000000       0x30 /tmp/cciQ7gYb.o
 .debug_frame   0x0000000000000030       0x2c /usr/lib/gcc/arm-none-eabi/10.3.1/../../../arm-none-eabi/lib/thumb/v7e-m+fp/hard/libc_nano.a(lib_a-memset.o)

.debug_loc      0x0000000000000000      0x22c
 .debug_loc     0x0000000000000000      0x22c /usr/lib/gcc/arm-none-eabi/10.3.1/../../../arm-none-eabi/lib/thumb/v7e-m+fp/hard/libc_nano.a(lib_a-memset.o)
